HUMAN S01      -          0 https://www.accessdata.fda.gov/scripts/drugshortages/Drugshortages.cfm
      HUMAN-ACQUISITION-TASK: outside robots Visiting-hours 23:00-05:00 Eastern; rerun inside the window or pass --override-visiting-hours with a reason
HUMAN S01      -          0 https://www.accessdata.fda.gov/scripts/drugshortages/dsp_ActiveIngredientDetails.cfm?AI=Sodium+Bicarbonate+Injection&st=c
      HUMAN-ACQUISITION-TASK: outside robots Visiting-hours 23:00-05:00 Eastern; rerun inside the window or pass --override-visiting-hours with a reason
HUMAN S01      -          0 https://www.accessdata.fda.gov/scripts/drugshortages/dsp_ActiveIngredientDetails.cfm?AI=Furosemide+Injection&st=c
      HUMAN-ACQUISITION-TASK: outside robots Visiting-hours 23:00-05:00 Eastern; rerun inside the window or pass --override-visiting-hours with a reason
AUTO  S01B   200     590571 https://api.fda.gov/download.json
AUTO  S01B   200     443449 https://download.open.fda.gov/drug/shortages/drug-shortages-0001-of-0001.json.zip
AUTO  S02    200    2501209 https://www.fda.gov/media/131130/download
AUTO  S03    200      48443 https://aspe.hhs.gov/reports/preventing-shortages-supply-chain-vulnerabilities
AUTO  S04    200    4644011 https://www.gao.gov/assets/gao-25-107110.pdf
AUTO  S05    200     738309 https://www.gao.gov/assets/gao-25-107153.pdf
AUTO  S06    200      19350 https://www.ecfr.gov/api/versioner/v1/versions/title-21.json?part=211
AUTO  S06    200    1634968 https://www.govinfo.gov/bulkdata/CFR/2025/title-21/CFR-2025-title21-vol4.xml
AUTO  S07    200     751842 https://www.fda.gov/media/71026/download
AUTO  S08    200     380828 https://www.fda.gov/media/71021/download
AUTO  S09    200     411450 https://www.fda.gov/media/71535/download
AUTO  S10    200      45700 https://www.fda.gov/about-fda/center-drug-evaluation-and-research-cder/cders-framework-regulatory-advanced-manufacturing-evaluation-frame-initiative
AUTO  S11    200       7972 https://www.federalregister.gov/api/v1/documents/2026-14073.json
AUTO  S11    200     160887 https://www.federalregister.gov/documents/full_text/xml/2026/07/13/2026-14073.xml
AUTO  S11    200     327451 https://www.govinfo.gov/content/pkg/FR-2026-07-13/pdf/2026-14073.pdf
AUTO  S12    200      36412 https://www.fda.gov/regulatory-information/search-fda-guidance-documents/advanced-manufacturing-technologies-designation-program
AUTO  S13    200      39202 https://www.fda.gov/drugs/human-drug-compounding/compounding-when-drugs-are-fdas-drug-shortages-list
AUTO  S14    200      42756 https://www.fda.gov/drugs/human-drug-compounding/bulk-drug-substances-used-compounding-under-section-503b-fdc-act
AUTO  S14    200      39199 https://www.fda.gov/drugs/human-drug-compounding/503b-bulk-drug-substances-list
AUTO  S14    200     377585 https://www.fda.gov/media/94164/download
AUTO  S14    200     308427 https://www.fda.gov/media/94402/download
AUTO  S15    200     479565 https://www.fda.gov/media/98964/download
AUTO  S15    200     566224 https://www.fda.gov/media/98973/download
AUTO  S16    200    6074615 https://www.fda.gov/media/89850/download
AUTO  S17    200    1095244 https://www.fda.gov/media/76860/download
AUTO  S18    200      23261 https://dailymed.nlm.nih.gov/dailymed/services/v2/spls.json?drug_name=sodium+bicarbonate&pagesize=100
AUTO  S18    200      15037 https://dailymed.nlm.nih.gov/dailymed/services/v2/spls.json?drug_name=norepinephrine&pagesize=100
AUTO  S18    200      17127 https://dailymed.nlm.nih.gov/dailymed/services/v2/spls.json?drug_name=furosemide&pagesize=100
AUTO  S18    200      16569 https://dailymed.nlm.nih.gov/dailymed/services/v2/spls.json?drug_name=acyclovir&pagesize=100
AUTO  S18    200      20221 https://dailymed.nlm.nih.gov/dailymed/services/v2/spls.json?drug_name=sterile+water&pagesize=100
AUTO  S18    200      11782 https://dailymed.nlm.nih.gov/dailymed/services/v2/spls.json?drug_name=acetazolamide&pagesize=100
AUTO  S19    200     319191 https://data.cms.gov/sites/default/files/2026-06/6616fc91-eb70-404c-9f27-1448e47a3a73/DSD_PTB_RY26_P06_V10_DYT24_HCPCS-%20260602.csv
AUTO  S20    200      83139 https://www.cms.gov/files/zip/july-2026-medicare-part-b-payment-limit-files.zip
HUMAN S21      -          0 https://www.ashp.org/drug-shortages/current-shortages
      HUMAN-ACQUISITION-TASK: Retrieve, in a browser, the current-shortage list and the bulletin page for each longlist presentation; save page captures with date and URL under data/raw_snapshots/S21/<date>/; record the copyright notice. Do not redistribute bulletin text; store extracted facts (status, dates, reasons, presentations) in the dossier with citation.
AUTO  S22    200      41044 https://dailymed.nlm.nih.gov/dailymed/services/v2/spls/2f05947f-a489-4298-a871-90db75b2a6c5.xml
AUTO  S23    200      56072 https://dailymed.nlm.nih.gov/dailymed/services/v2/spls/4408987e-690a-41ac-9677-e24604fa9793.xml
HUMAN S24      -          0 https://doi.org/10.1016/j.omega.2017.01.004
      HUMAN-ACQUISITION-TASK: Obtain the article through institutional access or the authors; record citation, access date, and the specific parameters or findings used (page/line) in the assumption register.
HUMAN S25      -          0 https://doi.org/10.1287/mnsc.2024.08337
      HUMAN-ACQUISITION-TASK: Verify the DOI resolves and the publication year (workbook says 2026, DOI string says 2024); obtain the article; record what is used.
HUMAN S26      -          0 https://www.accessdata.fda.gov/cder/ndctext.zip
      HUMAN-ACQUISITION-TASK: outside robots Visiting-hours 23:00-05:00 Eastern; rerun inside the window or pass --override-visiting-hours with a reason
AUTO  S27    200       1494 https://api.usaspending.gov/api/v2/search/spending_by_award/
AUTO  S27    200      23865 https://api.usaspending.gov/api/v2/search/spending_by_award/
37 payloads frozen, 7 human-acquisition tasks recorded under /Users/rikhinkavuru/telo/feasibility/data/raw_snapshots
