[24s] norepinephrine_1mgml_4ml: dominance over 8 strategies
[63s] norepinephrine_1mgml_4ml S0: 12 thresholds
[128s] norepinephrine_1mgml_4ml S1: 12 thresholds
[247s] norepinephrine_1mgml_4ml S2: 12 thresholds
[371s] norepinephrine_1mgml_4ml S3: 12 thresholds
[507s] norepinephrine_1mgml_4ml S4: 12 thresholds
[613s] norepinephrine_1mgml_4ml S5: 12 thresholds
[736s] norepinephrine_1mgml_4ml S6: 12 thresholds
[803s] norepinephrine_1mgml_4ml S7: 12 thresholds
[1348s] norepinephrine_1mgml_4ml: reversal map 27 cells
[1411s] sodium_bicarbonate_8_4_50ml: dominance over 8 strategies
[1491s] sodium_bicarbonate_8_4_50ml S0: 12 thresholds
[1550s] sodium_bicarbonate_8_4_50ml S1: 12 thresholds
[1650s] sodium_bicarbonate_8_4_50ml S2: 12 thresholds
[1720s] sodium_bicarbonate_8_4_50ml S3: 12 thresholds
[1784s] sodium_bicarbonate_8_4_50ml S4: 12 thresholds
[1831s] sodium_bicarbonate_8_4_50ml S5: 12 thresholds
[1879s] sodium_bicarbonate_8_4_50ml S6: 12 thresholds
[1910s] sodium_bicarbonate_8_4_50ml S7: 12 thresholds
[2051s] sodium_bicarbonate_8_4_50ml: reversal map 27 cells
results -> /Users/rikhinkavuru/telo/feasibility/results/design_space/ds_frozen_20260903 (2051s)
PRELIMINARY / ILLUSTRATIVE / NOT FOR EXTERNAL CLAIMS
