[124s] norepinephrine_1mgml_4ml: dominance over 20 strategies
[175s] norepinephrine_1mgml_4ml S0: 12 thresholds
[226s] norepinephrine_1mgml_4ml S1: 12 thresholds
[493s] norepinephrine_1mgml_4ml S2: 12 thresholds
[563s] norepinephrine_1mgml_4ml S3: 12 thresholds
[941s] norepinephrine_1mgml_4ml S4: 12 thresholds
[998s] norepinephrine_1mgml_4ml S5: 12 thresholds
[1054s] norepinephrine_1mgml_4ml S6: 12 thresholds
[1112s] norepinephrine_1mgml_4ml S7: 12 thresholds
[1368s] norepinephrine_1mgml_4ml S8: 12 thresholds
[1583s] norepinephrine_1mgml_4ml S9: 12 thresholds
[1654s] norepinephrine_1mgml_4ml S10: 12 thresholds
[1843s] norepinephrine_1mgml_4ml S11: 12 thresholds
[2071s] norepinephrine_1mgml_4ml S12: 12 thresholds
[2125s] norepinephrine_1mgml_4ml S13: 12 thresholds
[2334s] norepinephrine_1mgml_4ml S14: 12 thresholds
[2390s] norepinephrine_1mgml_4ml S15: 12 thresholds
[2691s] norepinephrine_1mgml_4ml S16: 12 thresholds
[2743s] norepinephrine_1mgml_4ml S17: 12 thresholds
[2797s] norepinephrine_1mgml_4ml S18: 12 thresholds
[3047s] norepinephrine_1mgml_4ml S19: 12 thresholds
[3795s] norepinephrine_1mgml_4ml: reversal map 27 cells
[3957s] sodium_bicarbonate_8_4_50ml: dominance over 20 strategies
[4150s] sodium_bicarbonate_8_4_50ml S0: 12 thresholds
[4343s] sodium_bicarbonate_8_4_50ml S1: 12 thresholds
[4431s] sodium_bicarbonate_8_4_50ml S2: 12 thresholds
[4702s] sodium_bicarbonate_8_4_50ml S3: 12 thresholds
[4977s] sodium_bicarbonate_8_4_50ml S4: 12 thresholds
[5376s] sodium_bicarbonate_8_4_50ml S5: 12 thresholds
[5774s] sodium_bicarbonate_8_4_50ml S6: 12 thresholds
[5976s] sodium_bicarbonate_8_4_50ml S7: 12 thresholds
[6065s] sodium_bicarbonate_8_4_50ml S8: 12 thresholds
[6269s] sodium_bicarbonate_8_4_50ml S9: 12 thresholds
[6434s] sodium_bicarbonate_8_4_50ml S10: 12 thresholds
[6886s] sodium_bicarbonate_8_4_50ml S11: 12 thresholds
[7020s] sodium_bicarbonate_8_4_50ml S12: 12 thresholds
[7245s] sodium_bicarbonate_8_4_50ml S13: 12 thresholds
[7475s] sodium_bicarbonate_8_4_50ml S14: 12 thresholds
[7659s] sodium_bicarbonate_8_4_50ml S15: 12 thresholds
[7799s] sodium_bicarbonate_8_4_50ml S16: 12 thresholds
[7864s] sodium_bicarbonate_8_4_50ml S17: 12 thresholds
[8137s] sodium_bicarbonate_8_4_50ml S18: 12 thresholds
[8225s] sodium_bicarbonate_8_4_50ml S19: 12 thresholds
[9835s] sodium_bicarbonate_8_4_50ml: reversal map 27 cells
[9853s] norepinephrine_1mgml_4ml S11: 5 take-or-pay contract scenarios
[9859s] norepinephrine_1mgml_4ml S13: 5 take-or-pay contract scenarios
[9890s] norepinephrine_1mgml_4ml S16: 5 take-or-pay contract scenarios
[9898s] norepinephrine_1mgml_4ml S17: 5 take-or-pay contract scenarios
[9921s] norepinephrine_1mgml_4ml S19: 5 take-or-pay contract scenarios
[9966s] sodium_bicarbonate_8_4_50ml S11: 5 take-or-pay contract scenarios
[9982s] sodium_bicarbonate_8_4_50ml S13: 5 take-or-pay contract scenarios
[9993s] sodium_bicarbonate_8_4_50ml S16: 5 take-or-pay contract scenarios
[10001s] sodium_bicarbonate_8_4_50ml S17: 5 take-or-pay contract scenarios
[10011s] sodium_bicarbonate_8_4_50ml S19: 5 take-or-pay contract scenarios
results -> /Users/rikhinkavuru/telo/feasibility/results/design_space/ds_post_R009 (10011s)
PRELIMINARY / ILLUSTRATIVE / NOT FOR EXTERNAL CLAIMS
