92 points, 20 strategies, 40 runs each
[   468s] 1/92  capacity_utilization norepine 1.8e+06
[   498s] 2/92  capacity_utilization norepine 1.475e+06
[   546s] 3/92  capacity_utilization sodium_b 1.05e+06
[   572s] 4/92  capacity_utilization norepine 1.15e+06
[   618s] 5/92  capacity_utilization norepine 9e+05
[   626s] 6/92  capacity_utilization sodium_b 6e+05
[   626s] 7/92  capacity_utilization norepine 8.25e+05
[   634s] 8/92  capacity_utilization norepine 5e+05
[   951s] 9/92  capacity_utilization sodium_b 1.95e+06
[   953s] 10/92  capacity_utilization sodium_b 1.5e+06
[   956s] 11/92  capacity_utilization sodium_b 1.2e+06
[   997s] 12/92  capacity_utilization sodium_b 2.4e+06
[  1239s] 13/92  release_time norepine 17
[  1240s] 14/92  release_time norepine 16
[  1242s] 15/92  release_time norepine 14
[  1245s] 16/92  release_time norepine 15
[  1328s] 17/92  release_time sodium_b 14
[  1328s] 18/92  release_time sodium_b 15
[  1346s] 19/92  release_time sodium_b 16
[  1399s] 20/92  release_time norepine 18
[  1581s] 21/92  release_time sodium_b 17
[  1583s] 22/92  release_time sodium_b 18
[  1713s] 23/92  fixed_qa_labor_per_node norepine 1.5e+06
[  1715s] 24/92  fixed_qa_labor_per_node norepine 2.625e+06
[  1803s] 25/92  fixed_qa_labor_per_node norepine 3e+06
[  1806s] 26/92  fixed_qa_labor_per_node norepine 3.75e+06
[  1823s] 27/92  fixed_qa_labor_per_node norepine 4.875e+06
[  1888s] 28/92  fixed_qa_labor_per_node norepine 6e+06
[  1938s] 29/92  fixed_qa_labor_per_node sodium_b 1.5e+06
[  1944s] 30/92  fixed_qa_labor_per_node sodium_b 2.625e+06
[  2069s] 31/92  fixed_qa_labor_per_node sodium_b 3e+06
[  2070s] 32/92  fixed_qa_labor_per_node sodium_b 3.75e+06
[  2160s] 33/92  fixed_qa_labor_per_node sodium_b 4.875e+06
[  2164s] 34/92  fixed_qa_labor_per_node sodium_b 6e+06
[  2296s] 35/92  yield norepine 0.9
[  2351s] 36/92  yield norepine 0.9225
[  2400s] 37/92  yield norepine 0.945
[  2415s] 38/92  yield norepine 0.96
[  2501s] 39/92  yield sodium_b 0.9
[  2505s] 40/92  yield sodium_b 0.9225
[  2528s] 41/92  yield norepine 0.9675
[  2529s] 42/92  yield norepine 0.99
[  2629s] 43/92  yield sodium_b 0.945
[  2699s] 44/92  yield sodium_b 0.96
[  2742s] 45/92  yield sodium_b 0.9675
[  2766s] 46/92  yield sodium_b 0.99
[  2925s] 47/92  uptime norepine 0.7
[  2954s] 48/92  uptime norepine 0.7625
[  2996s] 49/92  uptime norepine 0.825
[  3001s] 50/92  uptime norepine 0.85
[  3064s] 51/92  uptime sodium_b 0.7
[  3111s] 52/92  uptime norepine 0.8875
[  3115s] 53/92  uptime sodium_b 0.7625
[  3189s] 54/92  uptime norepine 0.95
[  3303s] 55/92  uptime sodium_b 0.825
[  3332s] 56/92  uptime sodium_b 0.85
[  3382s] 57/92  uptime sodium_b 0.8875
[  3441s] 58/92  uptime sodium_b 0.95
[  3565s] 59/92  demand_cv norepine 0.08
[  3607s] 60/92  demand_cv norepine 0.135
[  3611s] 61/92  demand_cv norepine 0.15
[  3676s] 62/92  demand_cv norepine 0.19
[  3736s] 63/92  demand_cv sodium_b 0.08
[  3785s] 64/92  demand_cv norepine 0.245
[  3798s] 65/92  demand_cv sodium_b 0.135
[  3838s] 66/92  demand_cv norepine 0.3
[  4067s] 67/92  demand_cv sodium_b 0.15
[  4125s] 68/92  demand_cv sodium_b 0.19
[  4132s] 69/92  demand_cv sodium_b 0.245
[  4221s] 70/92  demand_cv sodium_b 0.3
[  4460s] 71/92  raw_material_lead_time norepine 30
[  4496s] 72/92  raw_material_lead_time norepine 135
[  4497s] 73/92  raw_material_lead_time norepine 82.5
[  4502s] 74/92  raw_material_lead_time norepine 90
[  4563s] 75/92  raw_material_lead_time sodium_b 30
[  4577s] 76/92  raw_material_lead_time norepine 187.5
[  4617s] 77/92  raw_material_lead_time norepine 240
[  4634s] 78/92  raw_material_lead_time sodium_b 82.5
[  4794s] 79/92  raw_material_lead_time sodium_b 90
[  4815s] 80/92  raw_material_lead_time sodium_b 187.5
[  4815s] 81/92  raw_material_lead_time sodium_b 240
[  4821s] 82/92  raw_material_lead_time sodium_b 135
[  4983s] 83/92  commissioning_days norepine 365
[  4991s] 84/92  commissioning_days norepine 547.5
[  5028s] 85/92  commissioning_days norepine 730
[  5039s] 86/92  commissioning_days norepine 912.5
[  5113s] 87/92  commissioning_days sodium_b 547.5
[  5115s] 88/92  commissioning_days sodium_b 365
[  5117s] 89/92  commissioning_days sodium_b 730
[  5168s] 90/92  commissioning_days norepine 1095
[  5224s] 91/92  commissioning_days sodium_b 912.5
[  5226s] 92/92  commissioning_days sodium_b 1095

surface -> /Users/rikhinkavuru/telo/feasibility/results/design_space/simulator_surface.json (5228s)
PRELIMINARY / ILLUSTRATIVE / NOT FOR EXTERNAL CLAIMS
