PRELIMINARY / ILLUSTRATIVE / NOT FOR EXTERNAL CLAIMS
definition of finished: 10/22 complete

DF01 ---- protocol version frozen
      protocol v1.0.0 status=frozen; revisions pending sign-off: ['R000', 'R001', 'R002']
DF02 PASS five-product dated screen complete
      screen_manifest.json candidates=6, dated snapshots=True
DF03 ---- [human] two exact product presentations selected
      selection.json selected=0
DF04 ---- product dossiers complete
      complete dossiers=0
DF05 PASS all eight strategies represented
      strategies in simulation manifests: ['S0', 'S1', 'S2', 'S3', 'S4', 'S5', 'S6', 'S7']
DF06 PASS strategies optimized to matched service targets
      optimization summaries=2
DF07 PASS approved-generic/CMO and 503B pathways separated
      decision maps present=[True, True]
DF08 ---- [human] material regulatory gates reviewed by a qualified expert
      reviewed 0/15; UNCERTAIN: ['G01', 'G02', 'G03', 'G04', 'G05', 'G06', 'G07', 'G08', 'G09', 'G10', 'G11', 'G12', 'G13', 'G14', 'G15']
DF09 ---- no material illustrative input remains
      illustrative=85, missing=0 of 89 parameters
DF10 ---- [human] direct or expert-validated input distributions documented
      same evidence as DF09 plus distribution records
DF11 PASS deterministic model reconciles with workbook
      results/deterministic/reconciliation.json ok=True
DF12 PASS stochastic simulation passes all tests
      test_report.json={'generated_at': '2026-09-02T05:05:18.880763+00:00', 'passed': 100, 'failed': 0, 'skipped': 0, 'crn_test_passed': True, 'common_cause_test_passed': True, 'mass_balance_property_passed': True, 'exit_code': 0}; simulation manifests=1
DF13 PASS common random numbers implemented
      requires test_report.json crn_test_passed
DF14 PASS common-cause failures represented
      requires test_report.json common_cause_test_passed
DF15 ---- historical backcasts complete
      backcast comparisons=0 (need >= 4 episode classes)
DF16 PASS global and structural sensitivity complete
      results/sensitivity/summary.json present=True
DF17 PASS decision-reversal and value-of-information analyses complete
      decision_reversal.json and voi.json present=True
DF18 ---- [human] real interview evidence logged
      completed interviews logged=0 (target 25-30)
DF19 ---- [human] at least three qualified independent reviews completed
      completed reviews=0
DF20 ---- [human] public code, data dictionary, assumptions, model cards, run manifest, revision log, and limitations released
      public_release.json=absent
DF21 ---- at least one non-obvious result identified
      nonobvious_finding.json=absent
DF22 ---- [human] external claims do not exceed evidence
      claims register rows unsupported/contradicted/retracted: ['C007', 'C008', 'C009']
